broken line
2026-09-03 10:15:10|API|INFO|4002|api response
2026-09-03 10:01:12|DB|INFO|-5|negative request
2026-09-03 10:25:15|NOTIFICATION|WARN|6003|rate limit warning
2026-09-03 10:00:05|CACHE|ERROR|1001|cache miss
2026-09-03 10:01:08|DB|ERROR|0|invalid request
2026-09-03 10:03:00|DB|INFO|2003|db idle
2026-09-03 10:00:10|CACHE|ERROR|1001|cache failure
2026-09-03 10:10:10|PAYMENT|WARN|3002|payment retry
2026-09-03|API|ERROR|102|bad timestamp
2026-09-03 10:01:15|DB|INFO|abc|non-digit request
2026-09-03 10:20:05|AUTH|INFO|5001|login successful
2026-09-03 10:00:02|DB|ERROR|2001|db timeout
2026-09-03 10:06:00|CACHE|INFO|1007|cache normal
2026-09-03 10:01:20|DB|INFO|104|message|with|extra
2026-09-03 10:04:03|CACHE|ERROR|1005|cache timeout
2026-09-03 11:00:00|AUTH|INFO|9000|auth check
2026-09-03 10:15:05|API|ERROR|4001|api error
2026-09-03 10:00:20|DB|ERROR|2001|db timeout
2026-09-03 10:25:10|NOTIFICATION|INFO|6002|push sent
2026-09-03 10:05:00|CACHE|WARN|1006|cache high load
2026-09-03 11:00:03|PAYMENT|INFO|9000|payment skipped
2026-09-03 10:10:00|PAYMENT|INFO|3000|payment initiated
2026-09-03 10:01:25|DB|INFO|105
2026-09-03 10:01:00|CACHE|INFO|1002|cache recovering
2026-09-03 10:15:15|API|ERROR|4003|api error 2
2026-09-03 11:10:00|API|INFO|9002|api call 1
2026-09-03 10:00:01|DB|INFO|2000|db connected
2026-09-03 10:02:00|CACHE|ERROR|1003|cache timeout
2026-09-03 10:01:10|DB|DEBUG|103|unknown level
2026-09-03 10:20:00|AUTH|INFO|5000|login attempt
2026-09-03 10:25:00|NOTIFICATION|INFO|6000|email queued
2026-09-03 11:05:00|AUTH|INFO|9001|auth check
2026-09-03 10:03:02|CACHE|ERROR|1004|cache timeout
2026-09-03 11:00:04|NOTIFICATION|WARN|9000|notif delayed
2026-09-03 10:15:00|API|INFO|4000|api request
2026-09-03 10:00:15|CACHE|ERROR|1001|cache offline
2026-09-03 11:00:01|API|INFO|9000|api call
2026-09-03 10:00:00|CACHE|INFO|1000|cache hit
2026-09-03 11:10:02|API|INFO|9002|api call 2
2026-09-03 10:10:05|PAYMENT|ERROR|3001|payment failed
2026-09-03 10:25:05|NOTIFICATION|ERROR|6001|sms failed
2026-09-03 11:10:03|DB|ERROR|9002|db fetch 2
2026-09-03 11:05:01|API|INFO|9001|api call
2026-09-03 11:00:02|DB|ERROR|9000|db fetch failed
2026-09-03 11:10:01|DB|INFO|9002|db fetch 1
2026-09-03 10:02:00|DB|INFO|2002|db query
2026-09-03 11:05:02|DB|INFO|9001|db fetch ok
2026-09-03 10:01:02|DB|ERROR|2001|db timeout