2026-08-29 09:00:01|AUTH|INFO|1001|login successful
2026-08-29 09:00:02|API|INFO|1001|request received
2026-08-29 09:00:03|SEARCH|INFO|1001|search started
2026-08-29 09:00:04|SEARCH|INFO|1001|search completed
2026-08-29 09:00:05|API|INFO|1002|request received
2026-08-29 09:00:06|CART|INFO|1002|cart loaded
2026-08-29 09:00:07|CART|INFO|1002|item added
2026-08-29 09:00:08|INVENTORY|INFO|1002|stock checked
2026-08-29 09:00:09|API|INFO|1003|request received
2026-08-29 09:00:10|AUTH|INFO|1003|token validated
2026-08-29 09:00:11|ORDER|INFO|1003|order creation started
2026-08-29 09:00:12|INVENTORY|INFO|1003|stock reserved
2026-08-29 09:00:13|PAYMENT|INFO|1003|payment initiated
2026-08-29 09:00:14|PAYMENT|INFO|1003|payment approved
2026-08-29 09:00:15|ORDER|INFO|1003|order created
2026-08-29 09:00:16|NOTIFY|INFO|1003|order notification queued
2026-08-29 09:00:20|AUTH|INFO|1004|login successful
2026-08-29 09:00:21|API|INFO|1004|request received
2026-08-29 09:00:22|SEARCH|INFO|1004|search started
2026-08-29 09:00:23|SEARCH|WARN|1004|search response slow
2026-08-29 09:00:25|SEARCH|INFO|1004|search completed
2026-08-29 09:00:30|API|INFO|1005|request received
2026-08-29 09:00:31|CART|INFO|1005|cart loaded
2026-08-29 09:00:32|CART|INFO|1005|item removed
2026-08-29 09:00:35|API|INFO|1006|request received
2026-08-29 09:00:36|INVENTORY|INFO|1006|stock checked
2026-08-29 09:00:37|INVENTORY|WARN|1006|stock level low
2026-08-29 09:00:40|API|INFO|1007|request received
2026-08-29 09:00:41|AUTH|INFO|1007|token validated
2026-08-29 09:00:42|ORDER|INFO|1007|order creation started
2026-08-29 09:00:43|INVENTORY|INFO|1007|stock reserved
2026-08-29 09:00:44|PAYMENT|INFO|1007|payment initiated
2026-08-29 09:00:45|PAYMENT|ERROR|1007|payment gateway timeout
2026-08-29 09:00:46|ORDER|ERROR|1007|order creation failed
2026-08-29 09:00:47|NOTIFY|WARN|1007|failure notification delayed
2026-08-29 09:01:00|AUTH|INFO|1008|login successful
2026-08-29 09:01:01|API|INFO|1008|request received
2026-08-29 09:01:02|SEARCH|INFO|1008|search started
2026-08-29 09:01:03|SEARCH|INFO|1008|search completed
2026-08-29 09:01:10|API|INFO|1009|request received
2026-08-29 09:01:11|CART|INFO|1009|cart loaded
2026-08-29 09:01:12|CART|INFO|1009|item added
2026-08-29 09:01:20|API|WARN|1010|request queue growing
2026-08-29 09:01:25|API|ERROR|1011|request timeout
2026-08-29 09:01:26|API|ERROR|1012|worker unavailable
2026-08-29 09:01:27|API|ERROR|1013|worker crashed
2026-08-29 09:01:28|API|ERROR|1014|request rejected
2026-08-29 09:01:30|API|INFO|1015|worker restarted
2026-08-29 09:01:35|API|INFO|1016|request received
2026-08-29 09:01:36|AUTH|INFO|1016|token validated
2026-08-29 09:01:37|SEARCH|INFO|1016|search started
2026-08-29 09:01:38|SEARCH|INFO|1016|search completed
2026-08-29 09:01:45|AUTH|INFO|1017|login successful
2026-08-29 09:01:46|API|INFO|1017|request received
2026-08-29 09:01:47|CART|INFO|1017|cart loaded
2026-08-29 09:01:48|CART|INFO|1017|item added
2026-08-29 09:01:50|INVENTORY|INFO|1017|stock checked
2026-08-29 09:01:51|INVENTORY|ERROR|1017|inventory database connection failed
2026-08-29 09:01:52|ORDER|ERROR|1017|order blocked by inventory service
2026-08-29 09:01:53|API|ERROR|1017|request failed
2026-08-29 09:02:00|INVENTORY|INFO|1018|database connection restored
2026-08-29 09:02:01|API|INFO|1018|request received
2026-08-29 09:02:02|INVENTORY|INFO|1018|stock checked
2026-08-29 09:02:03|ORDER|INFO|1018|order creation started
2026-08-29 09:02:04|INVENTORY|INFO|1018|stock reserved
2026-08-29 09:02:05|PAYMENT|INFO|1018|payment initiated
2026-08-29 09:02:06|PAYMENT|INFO|1018|payment approved
2026-08-29 09:02:07|ORDER|INFO|1018|order created
2026-08-29 09:02:08|NOTIFY|INFO|1018|order notification queued
2026-08-29 09:02:15|SEARCH|INFO|1019|search started
2026-08-29 09:02:16|SEARCH|ERROR|1019|search node unavailable
2026-08-29 09:02:17|SEARCH|ERROR|1020|search node timeout
2026-08-29 09:02:18|SEARCH|ERROR|1021|search worker crashed
2026-08-29 09:02:20|SEARCH|INFO|1022|search worker restarted
2026-08-29 09:02:21|SEARCH|INFO|1023|search service recovered
2026-08-29 09:02:30|API|INFO|1024|request received
2026-08-29 09:02:31|SEARCH|INFO|1024|search started
2026-08-29 09:02:32|SEARCH|INFO|1024|search completed
2026-08-29 09:02:40|AUTH|INFO|1025|login successful
2026-08-29 09:02:41|API|INFO|1025|request received
2026-08-29 09:02:42|CART|INFO|1025|cart loaded
2026-08-29 09:02:43|CART|INFO|1025|item added
2026-08-29 09:02:44|INVENTORY|INFO|1025|stock checked
2026-08-29 09:02:45|INVENTORY|WARN|1025|stock level low
2026-08-29 09:02:50|PAYMENT|INFO|1026|payment initiated
2026-08-29 09:02:51|PAYMENT|ERROR|1026|payment provider unavailable
2026-08-29 09:02:52|PAYMENT|ERROR|1027|payment provider timeout
2026-08-29 09:02:53|PAYMENT|ERROR|1028|payment worker crashed
2026-08-29 09:02:54|PAYMENT|ERROR|1029|payment request rejected
2026-08-29 09:03:00|PAYMENT|INFO|1030|payment worker restarted
2026-08-29 09:03:05|PAYMENT|INFO|1031|payment provider available
2026-08-29 09:03:10|ORDER|INFO|1032|order creation started
2026-08-29 09:03:11|INVENTORY|INFO|1032|stock reserved
2026-08-29 09:03:12|PAYMENT|INFO|1032|payment initiated
2026-08-29 09:03:13|PAYMENT|INFO|1032|payment approved
2026-08-29 09:03:14|ORDER|INFO|1032|order created
2026-08-29 09:03:15|NOTIFY|INFO|1032|order notification queued
2026-08-29 09:03:20|NOTIFY|WARN|1033|notification queue delayed
2026-08-29 09:03:25|NOTIFY|ERROR|1034|notification worker unavailable
2026-08-29 09:03:26|NOTIFY|ERROR|1035|notification worker timeout
2026-08-29 09:03:27|NOTIFY|ERROR|1036|notification worker crashed
2026-08-29 09:03:30|NOTIFY|INFO|1037|notification worker restarted
2026-08-29 09:03:35|NOTIFY|INFO|1038|notification queue processing
2026-08-29 09:03:40|API|INFO|1039|request received
2026-08-29 09:03:41|AUTH|INFO|1039|token validated
2026-08-29 09:03:42|CART|INFO|1039|cart loaded
2026-08-29 09:03:43|INVENTORY|INFO|1039|stock checked
2026-08-29 09:03:44|ORDER|INFO|1039|order creation started
2026-08-29 09:03:45|INVENTORY|INFO|1039|stock reserved
2026-08-29 09:03:46|PAYMENT|INFO|1039|payment initiated
2026-08-29 09:03:47|PAYMENT|INFO|1039|payment approved
2026-08-29 09:03:48|ORDER|INFO|1039|order created
2026-08-29 09:03:49|NOTIFY|INFO|1039|order notification queued
2026-08-29 09:04:00|AUTH|INFO|1040|login successful
2026-08-29 09:04:01|API|INFO|1040|request received
2026-08-29 09:04:02|SEARCH|INFO|1040|search started
2026-08-29 09:04:03|SEARCH|WARN|1040|search latency high
2026-08-29 09:04:04|SEARCH|INFO|1040|search completed
2026-08-29 09:04:10|CART|INFO|1041|cart loaded
2026-08-29 09:04:11|CART|INFO|1041|item added
2026-08-29 09:04:12|INVENTORY|INFO|1041|stock checked
2026-08-29 09:04:20|ORDER|INFO|1042|order creation started
2026-08-29 09:04:21|INVENTORY|ERROR|1042|inventory service unavailable
2026-08-29 09:04:22|ORDER|ERROR|1042|order creation failed
2026-08-29 09:04:30|INVENTORY|INFO|1043|inventory service recovered
2026-08-29 09:04:31|INVENTORY|INFO|1043|stock checked
2026-08-29 09:04:32|ORDER|INFO|1043|order creation started
2026-08-29 09:04:33|INVENTORY|INFO|1043|stock reserved
2026-08-29 09:04:34|PAYMENT|INFO|1043|payment initiated
2026-08-29 09:04:35|PAYMENT|INFO|1043|payment approved
2026-08-29 09:04:36|ORDER|INFO|1043|order created
2026-08-29 09:04:37|NOTIFY|INFO|1043|order notification queued
2026-08-29 09:04:45|API|INFO|1044|request received
2026-08-29 09:04:46|AUTH|INFO|1044|token validated
2026-08-29 09:04:47|API|WARN|1044|request processing slow
2026-08-29 09:04:50|API|INFO|1044|request completed
2026-08-29 09:05:00|PAYMENT|INFO|1045|payment initiated
2026-08-29 09:05:01|PAYMENT|ERROR|1045|payment provider timeout
2026-08-29 09:05:02|PAYMENT|ERROR|1046|payment provider timeout
2026-08-29 09:05:03|PAYMENT|ERROR|1047|payment provider connection failed
2026-08-29 09:05:04|PAYMENT|ERROR|1048|payment worker unavailable
2026-08-29 09:05:10|PAYMENT|INFO|1049|payment worker restarted
2026-08-29 09:05:20|PAYMENT|INFO|1050|payment provider available
2026-08-29 09:05:30|API|INFO|1051|request received
2026-08-29 09:05:31|ORDER|INFO|1051|order creation started
2026-08-29 09:05:32|INVENTORY|INFO|1051|stock reserved
2026-08-29 09:05:33|PAYMENT|INFO|1051|payment initiated
2026-08-29 09:05:34|PAYMENT|INFO|1051|payment approved
2026-08-29 09:05:35|ORDER|INFO|1051|order created
2026-08-29 09:05:36|NOTIFY|INFO|1051|order notification queued
2026-08-29 09:05:45|AUTH|INFO|1052|login successful
2026-08-29 09:05:46|API|INFO|1052|request received
2026-08-29 09:05:47|SEARCH|INFO|1052|search started
2026-08-29 09:05:48|SEARCH|INFO|1052|search completed
2026-08-29 09:06:00|API|INFO|1053|request received
2026-08-29 09:06:01|CART|INFO|1053|cart loaded
2026-08-29 09:06:02|CART|WARN|1053|cart service response slow
2026-08-29 09:06:05|CART|INFO|1053|cart loaded successfully
2026-08-29 09:06:10|SEARCH|INFO|1054|search started
2026-08-29 09:06:11|SEARCH|ERROR|1054|search database unavailable
2026-08-29 09:06:12|SEARCH|ERROR|1055|search database timeout
2026-08-29 09:06:13|SEARCH|ERROR|1056|search worker crashed
2026-08-29 09:06:14|SEARCH|ERROR|1057|search request failed
2026-08-29 09:06:20|SEARCH|INFO|1058|search worker restarted
2026-08-29 09:06:25|SEARCH|INFO|1059|search service recovered
2026-08-29 09:06:30|API|INFO|1060|request received
2026-08-29 09:06:31|SEARCH|INFO|1060|search started
2026-08-29 09:06:32|SEARCH|INFO|1060|search completed
2026-08-29 09:06:40|AUTH|INFO|1061|login successful
2026-08-29 09:06:41|API|INFO|1061|request received
2026-08-29 09:06:42|CART|INFO|1061|cart loaded
2026-08-29 09:06:43|INVENTORY|INFO|1061|stock checked
2026-08-29 09:06:44|INVENTORY|INFO|1061|stock reserved
2026-08-29 09:06:45|PAYMENT|INFO|1061|payment initiated
2026-08-29 09:06:46|PAYMENT|ERROR|1061|payment declined
2026-08-29 09:06:47|ORDER|ERROR|1061|order cancelled
2026-08-29 09:06:48|NOTIFY|INFO|1061|failure notification queued
2026-08-29 09:07:00|API|INFO|1062|request received
2026-08-29 09:07:01|AUTH|INFO|1062|token validated
2026-08-29 09:07:02|ORDER|INFO|1062|order creation started
2026-08-29 09:07:03|INVENTORY|INFO|1062|stock reserved
2026-08-29 09:07:04|PAYMENT|INFO|1062|payment initiated
2026-08-29 09:07:05|PAYMENT|INFO|1062|payment approved
2026-08-29 09:07:06|ORDER|INFO|1062|order created
2026-08-29 09:07:07|NOTIFY|INFO|1062|order notification queued
2026-08-29 09:07:20|AUTH|WARN|1063|authentication latency high
2026-08-29 09:07:25|AUTH|ERROR|1064|authentication server unavailable
2026-08-29 09:07:26|AUTH|ERROR|1065|authentication request timeout
2026-08-29 09:07:27|AUTH|ERROR|1066|authentication worker crashed
2026-08-29 09:07:28|AUTH|INFO|1067|authentication worker restarted
2026-08-29 09:07:35|AUTH|INFO|1068|authentication service recovered
2026-08-29 09:07:40|API|INFO|1069|request received
2026-08-29 09:07:41|AUTH|INFO|1069|token validated
2026-08-29 09:07:42|API|INFO|1069|request completed
2026-08-29 09:08:00|PAYMENT|INFO|1070|payment initiated
2026-08-29 09:08:01|PAYMENT|INFO|1070|payment approved
2026-08-29 09:08:02|ORDER|INFO|1070|order created
2026-08-29 09:08:03|NOTIFY|INFO|1070|order notification queued
2026-08-29 09:08:10|INVENTORY|INFO|1071|stock checked
2026-08-29 09:08:11|INVENTORY|WARN|1071|stock level low
2026-08-29 09:08:20|API|INFO|1072|request received
2026-08-29 09:08:21|SEARCH|INFO|1072|search started
2026-08-29 09:08:22|SEARCH|INFO|1072|search completed
2026-08-29 09:08:30|CART|INFO|1073|cart loaded
2026-08-29 09:08:31|CART|INFO|1073|item added
2026-08-29 09:08:40|ORDER|INFO|1074|order creation started
2026-08-29 09:08:41|INVENTORY|INFO|1074|stock reserved
2026-08-29 09:08:42|PAYMENT|INFO|1074|payment initiated
2026-08-29 09:08:43|PAYMENT|INFO|1074|payment approved
2026-08-29 09:08:44|ORDER|INFO|1074|order created
2026-08-29 09:08:45|NOTIFY|INFO|1074|order notification queued
2026-08-29 09:09:00|API|INFO|1075|request received
2026-08-29 09:09:01|API|WARN|1075|request queue growing
2026-08-29 09:09:05|API|ERROR|1076|worker unavailable
2026-08-29 09:09:06|API|ERROR|1077|worker unavailable
2026-08-29 09:09:07|API|ERROR|1078|worker crashed
2026-08-29 09:09:08|API|INFO|1079|worker restarted
2026-08-29 09:09:15|API|INFO|1080|request received
2026-08-29 09:09:16|API|INFO|1080|request completed
2026-08-29 09:09:30|NOTIFY|INFO|1081|notification delivered
2026-08-29 09:09:40|NOTIFY|INFO|1082|notification delivered
2026-08-29 09:10:00|AUTH|INFO|1083|login successful
2026-08-29 09:10:01|API|INFO|1083|request received
2026-08-29 09:10:02|SEARCH|INFO|1083|search started
2026-08-29 09:10:03|SEARCH|INFO|1083|search completed
2026-08-29 09:10:10|ORDER|INFO|1084|order creation started
2026-08-29 09:10:11|INVENTORY|INFO|1084|stock reserved
2026-08-29 09:10:12|PAYMENT|INFO|1084|payment initiated
2026-08-29 09:10:13|PAYMENT|INFO|1084|payment approved
2026-08-29 09:10:14|ORDER|INFO|1084|order created
2026-08-29 09:10:15|NOTIFY|INFO|1084|order notification queued
2026-08-29 09:10:30|PAYMENT|ERROR|1085|payment database connection failed
2026-08-29 09:10:31|PAYMENT|ERROR|1086|payment database timeout
2026-08-29 09:10:32|PAYMENT|ERROR|1087|payment worker crashed
2026-08-29 09:10:33|PAYMENT|INFO|1088|payment worker restarted
2026-08-29 09:10:40|PAYMENT|INFO|1089|payment database connection restored
2026-08-29 09:10:45|API|INFO|1090|request received
2026-08-29 09:10:46|AUTH|INFO|1090|token validated
2026-08-29 09:10:47|PAYMENT|INFO|1090|payment initiated
2026-08-29 09:10:48|PAYMENT|INFO|1090|payment approved
2026-08-29 09:10:49|ORDER|INFO|1090|order created
2026-08-29 09:11:00|CART|INFO|1091|cart loaded
2026-08-29 09:11:01|CART|INFO|1091|item added
2026-08-29 09:11:02|INVENTORY|INFO|1091|stock checked
2026-08-29 09:11:10|SEARCH|INFO|1092|search started
2026-08-29 09:11:11|SEARCH|INFO|1092|search completed
2026-08-29 09:11:20|API|INFO|1093|request received
2026-08-29 09:11:21|API|INFO|1093|request completed
2026-08-29 09:11:30|ORDER|INFO|1094|order creation started
2026-08-29 09:11:31|INVENTORY|WARN|1094|stock level low
2026-08-29 09:11:32|INVENTORY|INFO|1094|stock reserved
2026-08-29 09:11:33|PAYMENT|INFO|1094|payment initiated
2026-08-29 09:11:34|PAYMENT|ERROR|1094|payment declined
2026-08-29 09:11:35|ORDER|ERROR|1094|order cancelled
2026-08-29 09:11:36|NOTIFY|INFO|1094|failure notification queued
2026-08-29 09:12:00|AUTH|INFO|1095|login successful
2026-08-29 09:12:01|API|INFO|1095|request received
2026-08-29 09:12:02|SEARCH|INFO|1095|search started
2026-08-29 09:12:03|SEARCH|INFO|1095|search completed
2026-08-29 09:12:10|API|INFO|1096|request received
2026-08-29 09:12:11|CART|INFO|1096|cart loaded
2026-08-29 09:12:12|CART|INFO|1096|item added
2026-08-29 09:12:20|INVENTORY|INFO|1097|stock checked
2026-08-29 09:12:21|INVENTORY|ERROR|1097|inventory worker unavailable
2026-08-29 09:12:22|INVENTORY|ERROR|1098|inventory worker timeout
2026-08-29 09:12:23|INVENTORY|ERROR|1099|inventory worker crashed
2026-08-29 09:12:24|INVENTORY|INFO|1100|inventory worker restarted
2026-08-29 09:12:30|INVENTORY|INFO|1101|inventory service recovered
2026-08-29 09:12:40|API|INFO|1102|request received
2026-08-29 09:12:41|INVENTORY|INFO|1102|stock checked
2026-08-29 09:12:42|INVENTORY|INFO|1102|stock reserved
2026-08-29 09:12:43|ORDER|INFO|1102|order created
2026-08-29 09:13:00|NOTIFY|WARN|1103|notification queue delayed
2026-08-29 09:13:10|NOTIFY|INFO|1104|notification delivered
2026-08-29 09:13:20|API|INFO|1105|request received
2026-08-29 09:13:21|AUTH|INFO|1105|token validated
2026-08-29 09:13:22|SEARCH|INFO|1105|search started
2026-08-29 09:13:23|SEARCH|INFO|1105|search completed
2026-08-29 09:13:30|PAYMENT|INFO|1106|payment initiated
2026-08-29 09:13:31|PAYMENT|INFO|1106|payment approved
2026-08-29 09:13:32|ORDER|INFO|1106|order created
2026-08-29 09:13:33|NOTIFY|INFO|1106|order notification queued
2026-08-29 09:13:40|API|INFO|1107|request received
2026-08-29 09:13:41|API|ERROR|1107|request timeout
2026-08-29 09:13:42|API|ERROR|1108|worker unavailable
2026-08-29 09:13:43|API|ERROR|1109|worker crashed
2026-08-29 09:13:50|API|INFO|1110|worker restarted
2026-08-29 09:14:00|API|INFO|1111|request received
2026-08-29 09:14:01|API|INFO|1111|request completed
2026-08-29 09:14:10|SEARCH|INFO|1112|search started
2026-08-29 09:14:11|SEARCH|INFO|1112|search completed
2026-08-29 09:14:20|CART|INFO|1113|cart loaded
2026-08-29 09:14:21|CART|INFO|1113|item removed
2026-08-29 09:14:30|ORDER|INFO|1114|order creation started
2026-08-29 09:14:31|INVENTORY|INFO|1114|stock reserved
2026-08-29 09:14:32|PAYMENT|INFO|1114|payment initiated
2026-08-29 09:14:33|PAYMENT|INFO|1114|payment approved
2026-08-29 09:14:34|ORDER|INFO|1114|order created
2026-08-29 09:14:35|NOTIFY|INFO|1114|order notification queued
2026-08-29 09:15:00|AUTH|INFO|1115|login successful
2026-08-29 09:15:01|API|INFO|1115|request received
2026-08-29 09:15:02|SEARCH|INFO|1115|search started
2026-08-29 09:15:03|SEARCH|INFO|1115|search completed
2026-08-29 09:15:10|INVENTORY|WARN|1116|stock level low
2026-08-29 09:15:20|PAYMENT|INFO|1117|payment initiated
2026-08-29 09:15:21|PAYMENT|ERROR|1117|payment provider unavailable
2026-08-29 09:15:22|PAYMENT|ERROR|1118|payment provider timeout
2026-08-29 09:15:23|PAYMENT|ERROR|1119|payment worker crashed
2026-08-29 09:15:24|PAYMENT|ERROR|1120|payment request rejected
2026-08-29 09:15:30|PAYMENT|INFO|1121|payment worker restarted
2026-08-29 09:15:40|PAYMENT|INFO|1122|payment provider available
2026-08-29 09:16:00|API|INFO|1123|request received
2026-08-29 09:16:01|AUTH|INFO|1123|token validated
2026-08-29 09:16:02|CART|INFO|1123|cart loaded
2026-08-29 09:16:03|INVENTORY|INFO|1123|stock checked
2026-08-29 09:16:04|ORDER|INFO|1123|order creation started
2026-08-29 09:16:05|INVENTORY|INFO|1123|stock reserved
2026-08-29 09:16:06|PAYMENT|INFO|1123|payment initiated
2026-08-29 09:16:07|PAYMENT|INFO|1123|payment approved
2026-08-29 09:16:08|ORDER|INFO|1123|order created
2026-08-29 09:16:09|NOTIFY|INFO|1123|order notification queued
2026-08-29 09:16:20|AUTH|INFO|1124|login successful
2026-08-29 09:16:21|API|INFO|1124|request received
2026-08-29 09:16:22|SEARCH|WARN|1124|search latency high
2026-08-29 09:16:25|SEARCH|INFO|1124|search completed
2026-08-29 09:16:30|ORDER|INFO|1125|order creation started
2026-08-29 09:16:31|INVENTORY|INFO|1125|stock reserved
2026-08-29 09:16:32|PAYMENT|INFO|1125|payment initiated
2026-08-29 09:16:33|PAYMENT|INFO|1125|payment approved
2026-08-29 09:16:34|ORDER|INFO|1125|order created
2026-08-29 09:16:35|NOTIFY|INFO|1125|order notification queued
2026-08-29 09:16:50|API|INFO|1126|request received
2026-08-29 09:16:51|API|INFO|1126|request completed
2026-08-29 09:17:00|NOTIFY|INFO|1127|notification delivered
2026-08-29 09:17:10|NOTIFY|INFO|1128|notification delivered
2026-08-29 09:17:20|CART|INFO|1129|cart loaded
2026-08-29 09:17:21|CART|INFO|1129|item added
2026-08-29 09:17:30|INVENTORY|INFO|1130|stock checked
2026-08-29 09:17:31|INVENTORY|WARN|1130|stock level low
2026-08-29 09:17:40|SEARCH|INFO|1131|search started
2026-08-29 09:17:41|SEARCH|INFO|1131|search completed
2026-08-29 09:17:50|API|INFO|1132|request received
2026-08-29 09:17:51|AUTH|INFO|1132|token validated
2026-08-29 09:17:52|API|INFO|1132|request completed
2026-08-29 09:18:00|PAYMENT|INFO|1133|payment initiated
2026-08-29 09:18:01|PAYMENT|INFO|1133|payment approved
2026-08-29 09:18:02|ORDER|INFO|1133|order created
2026-08-29 09:18:03|NOTIFY|INFO|1133|order notification queued
2026-08-29 09:18:10|API|ERROR|1134|request timeout
2026-08-29 09:18:11|API|ERROR|1135|request timeout
2026-08-29 09:18:12|API|ERROR|1136|worker unavailable
2026-08-29 09:18:13|API|ERROR|1137|worker crashed
2026-08-29 09:18:20|API|INFO|1138|worker restarted
2026-08-29 09:18:30|API|INFO|1139|request received
2026-08-29 09:18:31|API|INFO|1139|request completed
2026-08-29 09:18:40|AUTH|INFO|1140|login successful
2026-08-29 09:18:41|API|INFO|1140|request received
2026-08-29 09:18:42|SEARCH|INFO|1140|search started
2026-08-29 09:18:43|SEARCH|INFO|1140|search completed
2026-08-29 09:19:00|INVENTORY|INFO|1141|stock checked
2026-08-29 09:19:01|INVENTORY|INFO|1141|stock reserved
2026-08-29 09:19:10|ORDER|INFO|1141|order creation started
2026-08-29 09:19:11|PAYMENT|INFO|1141|payment initiated
2026-08-29 09:19:12|PAYMENT|INFO|1141|payment approved
2026-08-29 09:19:13|ORDER|INFO|1141|order created
2026-08-29 09:19:14|NOTIFY|INFO|1141|order notification queued
2026-08-29 09:19:30|SEARCH|INFO|1142|search started
2026-08-29 09:19:31|SEARCH|INFO|1142|search completed
2026-08-29 09:19:40|PAYMENT|ERROR|1143|payment database unavailable
2026-08-29 09:19:41|PAYMENT|ERROR|1144|payment database timeout
2026-08-29 09:19:42|PAYMENT|ERROR|1145|payment worker crashed
2026-08-29 09:19:43|PAYMENT|INFO|1146|payment worker restarted
2026-08-29 09:19:50|PAYMENT|INFO|1147|payment database restored
2026-08-29 09:20:00|API|INFO|1148|request received
2026-08-29 09:20:01|AUTH|INFO|1148|token validated
2026-08-29 09:20:02|ORDER|INFO|1148|order creation started
2026-08-29 09:20:03|INVENTORY|INFO|1148|stock reserved
2026-08-29 09:20:04|PAYMENT|INFO|1148|payment initiated
2026-08-29 09:20:05|PAYMENT|INFO|1148|payment approved
2026-08-29 09:20:06|ORDER|INFO|1148|order created
2026-08-29 09:20:07|NOTIFY|INFO|1148|order notification queued
2026-08-29 09:20:20|CART|INFO|1149|cart loaded
2026-08-29 09:20:21|CART|WARN|1149|cart response slow
2026-08-29 09:20:30|SEARCH|INFO|1150|search started
2026-08-29 09:20:31|SEARCH|INFO|1150|search completed
2026-08-29 09:20:40|AUTH|INFO|1151|login successful
2026-08-29 09:20:41|API|INFO|1151|request received
2026-08-29 09:20:42|API|INFO|1151|request completed
2026-08-29 09:20:50|ORDER|INFO|1152|order creation started
2026-08-29 09:20:51|INVENTORY|INFO|1152|stock reserved
2026-08-29 09:20:52|PAYMENT|INFO|1152|payment initiated
2026-08-29 09:20:53|PAYMENT|INFO|1152|payment approved
2026-08-29 09:20:54|ORDER|INFO|1152|order created
2026-08-29 09:20:55|NOTIFY|INFO|1152|order notification queued
2026-08-29 09:21:00|API|INFO|1153|request received
2026-08-29 09:21:01|AUTH|INFO|1153|token validated
2026-08-29 09:21:02|SEARCH|INFO|1153|search started
2026-08-29 09:21:03|SEARCH|INFO|1153|search completed
2026-08-29 09:21:10|NOTIFY|ERROR|1154|notification service unavailable
2026-08-29 09:21:11|NOTIFY|ERROR|1155|notification worker timeout
2026-08-29 09:21:12|NOTIFY|ERROR|1156|notification worker crashed
2026-08-29 09:21:20|NOTIFY|INFO|1157|notification worker restarted
2026-08-29 09:21:30|NOTIFY|INFO|1158|notification service recovered
2026-08-29 09:21:40|API|INFO|1159|request received
2026-08-29 09:21:41|CART|INFO|1159|cart loaded
2026-08-29 09:21:42|CART|INFO|1159|item added
2026-08-29 09:21:50|INVENTORY|INFO|1160|stock checked
2026-08-29 09:21:51|INVENTORY|INFO|1160|stock reserved
2026-08-29 09:22:00|ORDER|INFO|1160|order creation started
2026-08-29 09:22:01|PAYMENT|INFO|1160|payment initiated
2026-08-29 09:22:02|PAYMENT|INFO|1160|payment approved
2026-08-29 09:22:03|ORDER|INFO|1160|order created
2026-08-29 09:22:04|NOTIFY|INFO|1160|order notification queued
2026-08-29 09:22:10|API|INFO|1161|request received
2026-08-29 09:22:11|API|WARN|1161|request processing slow
2026-08-29 09:22:15|API|INFO|1161|request completed
2026-08-29 09:22:30|AUTH|INFO|1162|logout successful
2026-08-29 09:22:40|SEARCH|INFO|1163|search started
2026-08-29 09:22:41|SEARCH|INFO|1163|search completed
2026-08-29 09:22:50|PAYMENT|INFO|1164|payment initiated
2026-08-29 09:22:51|PAYMENT|ERROR|1164|payment declined
2026-08-29 09:22:52|ORDER|ERROR|1164|order cancelled
2026-08-29 09:23:00|NOTIFY|INFO|1164|failure notification queued
2026-08-29 09:23:10|API|INFO|1165|request received
2026-08-29 09:23:11|AUTH|INFO|1165|token validated
2026-08-29 09:23:12|CART|INFO|1165|cart loaded
2026-08-29 09:23:13|INVENTORY|INFO|1165|stock checked
2026-08-29 09:23:14|ORDER|INFO|1165|order creation started
2026-08-29 09:23:15|INVENTORY|INFO|1165|stock reserved
2026-08-29 09:23:16|PAYMENT|INFO|1165|payment initiated
2026-08-29 09:23:17|PAYMENT|INFO|1165|payment approved
2026-08-29 09:23:18|ORDER|INFO|1165|order created
2026-08-29 09:23:19|NOTIFY|INFO|1165|order notification queued
2026-08-29 09:23:30|SEARCH|INFO|1166|search started
2026-08-29 09:23:31|SEARCH|INFO|1166|search completed
2026-08-29 09:23:40|INVENTORY|INFO|1167|stock checked
2026-08-29 09:23:41|INVENTORY|WARN|1167|stock level low
2026-08-29 09:24:00|API|INFO|1168|request received
2026-08-29 09:24:01|AUTH|INFO|1168|token validated
2026-08-29 09:24:02|API|INFO|1168|request completed
2026-08-29 09:24:10|ORDER|INFO|1169|order creation started
2026-08-29 09:24:11|INVENTORY|INFO|1169|stock reserved
2026-08-29 09:24:12|PAYMENT|INFO|1169|payment initiated
2026-08-29 09:24:13|PAYMENT|INFO|1169|payment approved
2026-08-29 09:24:14|ORDER|INFO|1169|order created
2026-08-29 09:24:15|NOTIFY|INFO|1169|order notification queued
2026-08-29 09:24:30|API|ERROR|1170|request timeout
2026-08-29 09:24:31|API|ERROR|1171|worker unavailable
2026-08-29 09:24:32|API|ERROR|1172|worker crashed
2026-08-29 09:24:40|API|INFO|1173|worker restarted
2026-08-29 09:24:50|API|INFO|1174|request received
2026-08-29 09:24:51|API|INFO|1174|request completed
2026-08-29 09:25:00|AUTH|INFO|1175|login successful
2026-08-29 09:25:01|API|INFO|1175|request received
2026-08-29 09:25:02|SEARCH|INFO|1175|search started
2026-08-29 09:25:03|SEARCH|INFO|1175|search completed
2026-08-29 09:25:10|PAYMENT|INFO|1176|payment initiated
2026-08-29 09:25:11|PAYMENT|INFO|1176|payment approved
2026-08-29 09:25:12|ORDER|INFO|1176|order created
2026-08-29 09:25:13|NOTIFY|INFO|1176|order notification queued
2026-08-29 09:25:20|CART|INFO|1177|cart loaded
2026-08-29 09:25:21|CART|INFO|1177|item added
2026-08-29 09:25:30|INVENTORY|INFO|1178|stock checked
2026-08-29 09:25:31|INVENTORY|INFO|1178|stock reserved
2026-08-29 09:25:40|ORDER|INFO|1178|order creation started
2026-08-29 09:25:41|PAYMENT|INFO|1178|payment initiated
2026-08-29 09:25:42|PAYMENT|INFO|1178|payment approved
2026-08-29 09:25:43|ORDER|INFO|1178|order created
2026-08-29 09:25:44|NOTIFY|INFO|1178|order notification queued
2026-08-29 09:26:00|API|INFO|1179|request received
2026-08-29 09:26:01|AUTH|INFO|1179|token validated
2026-08-29 09:26:02|SEARCH|INFO|1179|search started
2026-08-29 09:26:03|SEARCH|INFO|1179|search completed
2026-08-29 09:26:10|NOTIFY|INFO|1180|notification delivered
2026-08-29 09:26:20|PAYMENT|ERROR|1181|payment provider unavailable
2026-08-29 09:26:21|PAYMENT|ERROR|1182|payment provider timeout
2026-08-29 09:26:22|PAYMENT|ERROR|1183|payment worker crashed
2026-08-29 09:26:30|PAYMENT|INFO|1184|payment worker restarted
2026-08-29 09:26:40|PAYMENT|INFO|1185|payment provider available
2026-08-29 09:27:00|API|INFO|1186|request received
2026-08-29 09:27:01|CART|INFO|1186|cart loaded
2026-08-29 09:27:02|CART|INFO|1186|item added
2026-08-29 09:27:03|INVENTORY|INFO|1186|stock checked
2026-08-29 09:27:04|ORDER|INFO|1186|order creation started
2026-08-29 09:27:05|INVENTORY|INFO|1186|stock reserved
2026-08-29 09:27:06|PAYMENT|INFO|1186|payment initiated
2026-08-29 09:27:07|PAYMENT|INFO|1186|payment approved
2026-08-29 09:27:08|ORDER|INFO|1186|order created
2026-08-29 09:27:09|NOTIFY|INFO|1186|order notification queued
2026-08-29 09:27:20|SEARCH|WARN|1187|search latency high
2026-08-29 09:27:30|SEARCH|INFO|1187|search completed
2026-08-29 09:27:40|AUTH|INFO|1188|logout successful
2026-08-29 09:28:00|API|INFO|1189|request received
2026-08-29 09:28:01|API|INFO|1189|request completed
2026-08-29 09:28:10|INVENTORY|INFO|1190|stock checked
2026-08-29 09:28:20|ORDER|INFO|1191|order creation started
2026-08-29 09:28:21|INVENTORY|INFO|1191|stock reserved
2026-08-29 09:28:22|PAYMENT|INFO|1191|payment initiated
2026-08-29 09:28:23|PAYMENT|INFO|1191|payment approved
2026-08-29 09:28:24|ORDER|INFO|1191|order created
2026-08-29 09:28:25|NOTIFY|INFO|1191|order notification queued
2026-08-29 09:28:40|AUTH|INFO|1192|login successful
2026-08-29 09:28:41|API|INFO|1192|request received
2026-08-29 09:28:42|SEARCH|INFO|1192|search started
2026-08-29 09:28:43|SEARCH|INFO|1192|search completed
2026-08-29 09:29:00|PAYMENT|INFO|1193|payment initiated
2026-08-29 09:29:01|PAYMENT|ERROR|1193|payment provider timeout
2026-08-29 09:29:02|PAYMENT|ERROR|1194|payment provider timeout
2026-08-29 09:29:03|PAYMENT|ERROR|1195|payment worker unavailable
2026-08-29 09:29:04|PAYMENT|ERROR|1196|payment worker crashed
2026-08-29 09:29:10|PAYMENT|INFO|1197|payment worker restarted
2026-08-29 09:29:20|PAYMENT|INFO|1198|payment provider available
2026-08-29 09:29:30|API|INFO|1199|request received
2026-08-29 09:29:31|AUTH|INFO|1199|token validated
2026-08-29 09:29:32|ORDER|INFO|1199|order creation started
2026-08-29 09:29:33|INVENTORY|INFO|1199|stock reserved
2026-08-29 09:29:34|PAYMENT|INFO|1199|payment initiated
2026-08-29 09:29:35|PAYMENT|INFO|1199|payment approved
2026-08-29 09:29:36|ORDER|INFO|1199|order created
2026-08-29 09:29:37|NOTIFY|INFO|1199|order notification queued
2026-08-29 09:29:50|API|INFO|1200|request received
2026-08-29 09:29:51|API|WARN|1200|request queue growing
2026-08-29 09:30:00|API|INFO|1200|request completed
2026-08-29 09:30:10|NOTIFY|INFO|1201|notification delivered
2026-08-29 09:30:20|INVENTORY|INFO|1202|stock checked
2026-08-29 09:30:30|CART|INFO|1203|cart loaded
2026-08-29 09:30:31|CART|INFO|1203|item removed
2026-08-29 09:30:40|SEARCH|INFO|1204|search started
2026-08-29 09:30:41|SEARCH|INFO|1204|search completed
2026-08-29 09:30:50|AUTH|INFO|1205|login successful
2026-08-29 09:30:51|API|INFO|1205|request received
2026-08-29 09:30:52|AUTH|ERROR|1205|authentication server unavailable
2026-08-29 09:30:53|API|ERROR|1205|request rejected
2026-08-29 09:31:00|AUTH|INFO|1206|authentication server recovered
2026-08-29 09:31:10|API|INFO|1207|request received
2026-08-29 09:31:11|AUTH|INFO|1207|token validated
2026-08-29 09:31:12|API|INFO|1207|request completed
2026-08-29 09:31:20|ORDER|INFO|1208|order creation started
2026-08-29 09:31:21|INVENTORY|INFO|1208|stock reserved
2026-08-29 09:31:22|PAYMENT|INFO|1208|payment initiated
2026-08-29 09:31:23|PAYMENT|INFO|1208|payment approved
2026-08-29 09:31:24|ORDER|INFO|1208|order created
2026-08-29 09:31:25|NOTIFY|INFO|1208|order notification queued
2026-08-29 09:31:40|SEARCH|INFO|1209|search started
2026-08-29 09:31:41|SEARCH|INFO|1209|search completed
2026-08-29 09:32:00|API|INFO|1210|request received
2026-08-29 09:32:01|API|INFO|1210|request completed
2026-08-29 09:32:10|PAYMENT|INFO|1211|payment initiated
2026-08-29 09:32:11|PAYMENT|INFO|1211|payment approved
2026-08-29 09:32:12|ORDER|INFO|1211|order created
2026-08-29 09:32:13|NOTIFY|INFO|1211|order notification queued
2026-08-29 09:32:30|INVENTORY|INFO|1212|stock checked
2026-08-29 09:32:31|INVENTORY|WARN|1212|stock level low
2026-08-29 09:32:40|CART|INFO|1213|cart loaded
2026-08-29 09:32:41|CART|INFO|1213|item added
2026-08-29 09:32:50|API|INFO|1214|request received
2026-08-29 09:32:51|AUTH|INFO|1214|token validated
2026-08-29 09:32:52|SEARCH|INFO|1214|search started
2026-08-29 09:32:53|SEARCH|INFO|1214|search completed
2026-08-29 09:33:00|ORDER|INFO|1215|order creation started
2026-08-29 09:33:01|INVENTORY|INFO|1215|stock reserved
2026-08-29 09:33:02|PAYMENT|INFO|1215|payment initiated
2026-08-29 09:33:03|PAYMENT|ERROR|1215|payment provider timeout
2026-08-29 09:33:04|ORDER|ERROR|1215|order creation failed
2026-08-29 09:33:10|PAYMENT|INFO|1216|payment provider available
2026-08-29 09:33:20|NOTIFY|INFO|1215|failure notification queued
2026-08-29 09:33:30|API|INFO|1217|request received
2026-08-29 09:33:31|API|INFO|1217|request completed
2026-08-29 09:33:40|SEARCH|INFO|1218|search started
2026-08-29 09:33:41|SEARCH|INFO|1218|search completed
2026-08-29 09:34:00|AUTH|INFO|1219|login successful
2026-08-29 09:34:01|API|INFO|1219|request received
2026-08-29 09:34:02|CART|INFO|1219|cart loaded
2026-08-29 09:34:03|INVENTORY|INFO|1219|stock checked
2026-08-29 09:34:04|ORDER|INFO|1219|order creation started
2026-08-29 09:34:05|INVENTORY|INFO|1219|stock reserved
2026-08-29 09:34:06|PAYMENT|INFO|1219|payment initiated
2026-08-29 09:34:07|PAYMENT|INFO|1219|payment approved
2026-08-29 09:34:08|ORDER|INFO|1219|order created
2026-08-29 09:34:09|NOTIFY|INFO|1219|order notification queued
2026-08-29 09:34:20|API|INFO|1220|request received
2026-08-29 09:34:21|API|WARN|1220|request processing slow
2026-08-29 09:34:25|API|INFO|1220|request completed
2026-08-29 09:34:40|PAYMENT|ERROR|1221|payment database unavailable
2026-08-29 09:34:41|PAYMENT|ERROR|1222|payment database timeout
2026-08-29 09:34:42|PAYMENT|ERROR|1223|payment worker crashed
2026-08-29 09:34:43|PAYMENT|ERROR|1224|payment request rejected
2026-08-29 09:34:50|PAYMENT|INFO|1225|payment worker restarted
2026-08-29 09:35:00|PAYMENT|INFO|1226|payment database restored
2026-08-29 09:35:10|API|INFO|1227|request received
2026-08-29 09:35:11|AUTH|INFO|1227|token validated
2026-08-29 09:35:12|ORDER|INFO|1227|order creation started
2026-08-29 09:35:13|INVENTORY|INFO|1227|stock reserved
2026-08-29 09:35:14|PAYMENT|INFO|1227|payment initiated
2026-08-29 09:35:15|PAYMENT|INFO|1227|payment approved
2026-08-29 09:35:16|ORDER|INFO|1227|order created
2026-08-29 09:35:17|NOTIFY|INFO|1227|order notification queued
2026-08-29 09:35:30|SEARCH|INFO|1228|search started
2026-08-29 09:35:31|SEARCH|INFO|1228|search completed
2026-08-29 09:35:40|CART|INFO|1229|cart loaded
2026-08-29 09:35:41|CART|INFO|1229|item added
2026-08-29 09:35:50|INVENTORY|INFO|1230|stock checked
2026-08-29 09:36:00|NOTIFY|INFO|1231|notification delivered
2026-08-29 09:36:10|API|INFO|1232|request received
2026-08-29 09:36:11|AUTH|INFO|1232|token validated
2026-08-29 09:36:12|SEARCH|INFO|1232|search started
2026-08-29 09:36:13|SEARCH|INFO|1232|search completed
2026-08-29 09:36:20|ORDER|INFO|1233|order creation started
2026-08-29 09:36:21|INVENTORY|INFO|1233|stock reserved
2026-08-29 09:36:22|PAYMENT|INFO|1233|payment initiated
2026-08-29 09:36:23|PAYMENT|INFO|1233|payment approved
2026-08-29 09:36:24|ORDER|INFO|1233|order created
2026-08-29 09:36:25|NOTIFY|INFO|1233|order notification queued
2026-08-29 09:36:40|AUTH|INFO|1234|logout successful
2026-08-29 09:36:50|SEARCH|INFO|1235|search started
2026-08-29 09:36:51|SEARCH|WARN|1235|search response slow
2026-08-29 09:37:00|SEARCH|INFO|1235|search completed
2026-08-29 09:37:10|API|INFO|1236|request received
2026-08-29 09:37:11|API|INFO|1236|request completed
2026-08-29 09:37:20|PAYMENT|INFO|1237|payment initiated
2026-08-29 09:37:21|PAYMENT|INFO|1237|payment approved
2026-08-29 09:37:22|ORDER|INFO|1237|order created
2026-08-29 09:37:23|NOTIFY|INFO|1237|order notification queued
2026-08-29 09:37:40|INVENTORY|WARN|1238|stock level low
2026-08-29 09:38:00|CART|INFO|1239|cart loaded
2026-08-29 09:38:01|CART|INFO|1239|item added
2026-08-29 09:38:10|API|INFO|1240|request received
2026-08-29 09:38:11|AUTH|INFO|1240|token validated
2026-08-29 09:38:12|API|INFO|1240|request completed
2026-08-29 09:38:20|ORDER|INFO|1241|order creation started
2026-08-29 09:38:21|INVENTORY|INFO|1241|stock reserved
2026-08-29 09:38:22|PAYMENT|INFO|1241|payment initiated
2026-08-29 09:38:23|PAYMENT|ERROR|1241|payment provider timeout
2026-08-29 09:38:24|ORDER|ERROR|1241|order creation failed
2026-08-29 09:38:30|PAYMENT|INFO|1242|payment provider available
2026-08-29 09:38:40|NOTIFY|INFO|1241|failure notification queued
2026-08-29 09:39:00|SEARCH|INFO|1243|search started
2026-08-29 09:39:01|SEARCH|INFO|1243|search completed
2026-08-29 09:39:10|AUTH|INFO|1244|login successful
2026-08-29 09:39:11|API|INFO|1244|request received
2026-08-29 09:39:12|CART|INFO|1244|cart loaded
2026-08-29 09:39:13|INVENTORY|INFO|1244|stock checked
2026-08-29 09:39:14|ORDER|INFO|1244|order creation started
2026-08-29 09:39:15|INVENTORY|INFO|1244|stock reserved
2026-08-29 09:39:16|PAYMENT|INFO|1244|payment initiated
2026-08-29 09:39:17|PAYMENT|INFO|1244|payment approved
2026-08-29 09:39:18|ORDER|INFO|1244|order created
2026-08-29 09:39:19|NOTIFY|INFO|1244|order notification queued
2026-08-29 09:39:30|API|ERROR|1245|request timeout
2026-08-29 09:39:31|API|ERROR|1246|worker unavailable
2026-08-29 09:39:32|API|ERROR|1247|worker crashed
2026-08-29 09:39:40|API|INFO|1248|worker restarted
2026-08-29 09:39:50|API|INFO|1249|request received
2026-08-29 09:39:51|API|INFO|1249|request completed
2026-08-29 09:40:00|NOTIFY|INFO|1250|notification delivered
2026-08-29 09:40:10|INVENTORY|INFO|1251|stock checked
2026-08-29 09:40:20|SEARCH|INFO|1252|search started
2026-08-29 09:40:21|SEARCH|INFO|1252|search completed
2026-08-29 09:40:30|PAYMENT|INFO|1253|payment initiated
2026-08-29 09:40:31|PAYMENT|INFO|1253|payment approved
2026-08-29 09:40:32|ORDER|INFO|1253|order created
2026-08-29 09:40:33|NOTIFY|INFO|1253|order notification queued
2026-08-29 09:40:50|AUTH|INFO|1254|logout successful
2026-08-29 09:41:00|API|INFO|1255|request received
2026-08-29 09:41:01|AUTH|INFO|1255|token validated
2026-08-29 09:41:02|API|INFO|1255|request completed
2026-08-29 09:41:10|CART|INFO|1256|cart loaded
2026-08-29 09:41:11|CART|WARN|1256|cart response slow
2026-08-29 09:41:20|CART|INFO|1256|cart loaded successfully
2026-08-29 09:41:30|INVENTORY|INFO|1257|stock checked
2026-08-29 09:41:40|ORDER|INFO|1258|order creation started
2026-08-29 09:41:41|INVENTORY|INFO|1258|stock reserved
2026-08-29 09:41:42|PAYMENT|INFO|1258|payment initiated
2026-08-29 09:41:43|PAYMENT|INFO|1258|payment approved
2026-08-29 09:41:44|ORDER|INFO|1258|order created
2026-08-29 09:41:45|NOTIFY|INFO|1258|order notification queued
2026-08-29 09:42:00|SEARCH|INFO|1259|search started
2026-08-29 09:42:01|SEARCH|INFO|1259|search completed
2026-08-29 09:42:10|PAYMENT|ERROR|1260|payment provider unavailable
2026-08-29 09:42:11|PAYMENT|ERROR|1261|payment provider timeout
2026-08-29 09:42:12|PAYMENT|ERROR|1262|payment worker crashed
2026-08-29 09:42:20|PAYMENT|INFO|1263|payment worker restarted
2026-08-29 09:42:30|PAYMENT|INFO|1264|payment provider available
2026-08-29 09:42:40|API|INFO|1265|request received
2026-08-29 09:42:41|AUTH|INFO|1265|token validated
2026-08-29 09:42:42|ORDER|INFO|1265|order creation started
2026-08-29 09:42:43|INVENTORY|INFO|1265|stock reserved
2026-08-29 09:42:44|PAYMENT|INFO|1265|payment initiated
2026-08-29 09:42:45|PAYMENT|INFO|1265|payment approved
2026-08-29 09:42:46|ORDER|INFO|1265|order created
2026-08-29 09:42:47|NOTIFY|INFO|1265|order notification queued
2026-08-29 09:43:00|AUTH|INFO|1266|login successful
2026-08-29 09:43:01|API|INFO|1266|request received
2026-08-29 09:43:02|SEARCH|INFO|1266|search started
2026-08-29 09:43:03|SEARCH|INFO|1266|search completed
2026-08-29 09:43:20|INVENTORY|INFO|1267|stock checked
2026-08-29 09:43:30|CART|INFO|1268|cart loaded
2026-08-29 09:43:31|CART|INFO|1268|item added
2026-08-29 09:43:40|ORDER|INFO|1269|order creation started
2026-08-29 09:43:41|INVENTORY|INFO|1269|stock reserved
2026-08-29 09:43:42|PAYMENT|INFO|1269|payment initiated
2026-08-29 09:43:43|PAYMENT|INFO|1269|payment approved
2026-08-29 09:43:44|ORDER|INFO|1269|order created
2026-08-29 09:43:45|NOTIFY|INFO|1269|order notification queued
2026-08-29 09:44:00|API|INFO|1270|request received
2026-08-29 09:44:01|API|INFO|1270|request completed
2026-08-29 09:44:10|NOTIFY|WARN|1271|notification queue delayed
2026-08-29 09:44:20|NOTIFY|INFO|1272|notification delivered
2026-08-29 09:44:30|SEARCH|INFO|1273|search started
2026-08-29 09:44:31|SEARCH|INFO|1273|search completed
2026-08-29 09:44:40|PAYMENT|INFO|1274|payment initiated
2026-08-29 09:44:41|PAYMENT|INFO|1274|payment approved
2026-08-29 09:44:42|ORDER|INFO|1274|order created
2026-08-29 09:44:43|NOTIFY|INFO|1274|order notification queued
2026-08-29 09:45:00|AUTH|INFO|1275|login successful
2026-08-29 09:45:01|API|INFO|1275|request received
2026-08-29 09:45:02|AUTH|INFO|1275|token validated
2026-08-29 09:45:10|API|ERROR|1276|request timeout
2026-08-29 09:45:11|API|ERROR|1277|worker unavailable
2026-08-29 09:45:12|API|ERROR|1278|worker crashed
2026-08-29 09:45:20|API|INFO|1279|worker restarted
2026-08-29 09:45:30|API|INFO|1280|request received
2026-08-29 09:45:31|API|INFO|1280|request completed
2026-08-29 09:45:40|INVENTORY|INFO|1281|stock checked
2026-08-29 09:45:50|ORDER|INFO|1282|order creation started
2026-08-29 09:45:51|INVENTORY|INFO|1282|stock reserved
2026-08-29 09:45:52|PAYMENT|INFO|1282|payment initiated
2026-08-29 09:45:53|PAYMENT|INFO|1282|payment approved
2026-08-29 09:45:54|ORDER|INFO|1282|order created
2026-08-29 09:45:55|NOTIFY|INFO|1282|order notification queued
2026-08-29 09:46:10|SEARCH|INFO|1283|search started
2026-08-29 09:46:11|SEARCH|INFO|1283|search completed
2026-08-29 09:46:20|CART|INFO|1284|cart loaded
2026-08-29 09:46:21|CART|INFO|1284|item added
2026-08-29 09:46:30|PAYMENT|INFO|1285|payment initiated
2026-08-29 09:46:31|PAYMENT|ERROR|1285|payment declined
2026-08-29 09:46:32|ORDER|ERROR|1285|order cancelled
2026-08-29 09:46:40|NOTIFY|INFO|1285|failure notification queued
2026-08-29 09:47:00|API|INFO|1286|request received
2026-08-29 09:47:01|AUTH|INFO|1286|token validated
2026-08-29 09:47:02|SEARCH|INFO|1286|search started
2026-08-29 09:47:03|SEARCH|INFO|1286|search completed
2026-08-29 09:47:10|INVENTORY|WARN|1287|stock level low
2026-08-29 09:47:20|ORDER|INFO|1288|order creation started
2026-08-29 09:47:21|INVENTORY|INFO|1288|stock reserved
2026-08-29 09:47:22|PAYMENT|INFO|1288|payment initiated
2026-08-29 09:47:23|PAYMENT|INFO|1288|payment approved
2026-08-29 09:47:24|ORDER|INFO|1288|order created
2026-08-29 09:47:25|NOTIFY|INFO|1288|order notification queued
2026-08-29 09:47:40|AUTH|INFO|1289|logout successful
2026-08-29 09:48:00|SEARCH|INFO|1290|search started
2026-08-29 09:48:01|SEARCH|INFO|1290|search completed
2026-08-29 09:48:10|API|INFO|1291|request received
2026-08-29 09:48:11|API|INFO|1291|request completed
2026-08-29 09:48:20|PAYMENT|ERROR|1292|payment database unavailable
2026-08-29 09:48:21|PAYMENT|ERROR|1293|payment database timeout
2026-08-29 09:48:22|PAYMENT|ERROR|1294|payment worker crashed
2026-08-29 09:48:30|PAYMENT|INFO|1295|payment worker restarted
2026-08-29 09:48:40|PAYMENT|INFO|1296|payment database restored
2026-08-29 09:49:00|AUTH|INFO|1297|login successful
2026-08-29 09:49:01|API|INFO|1297|request received
2026-08-29 09:49:02|CART|INFO|1297|cart loaded
2026-08-29 09:49:03|INVENTORY|INFO|1297|stock checked
2026-08-29 09:49:04|ORDER|INFO|1297|order creation started
2026-08-29 09:49:05|INVENTORY|INFO|1297|stock reserved
2026-08-29 09:49:06|PAYMENT|INFO|1297|payment initiated
2026-08-29 09:49:07|PAYMENT|INFO|1297|payment approved
2026-08-29 09:49:08|ORDER|INFO|1297|order created
2026-08-29 09:49:09|NOTIFY|INFO|1297|order notification queued
2026-08-29 09:49:20|NOTIFY|INFO|1298|notification delivered
2026-08-29 09:49:30|SEARCH|WARN|1299|search latency high
2026-08-29 09:49:40|SEARCH|INFO|1299|search completed
2026-08-29 09:50:00|API|INFO|1300|request received
2026-08-29 09:50:01|AUTH|INFO|1300|token validated
2026-08-29 09:50:02|API|INFO|1300|request completed
2026-08-29 09:50:10|ORDER|INFO|1301|order creation started
2026-08-29 09:50:11|INVENTORY|INFO|1301|stock reserved
2026-08-29 09:50:12|PAYMENT|INFO|1301|payment initiated
2026-08-29 09:50:13|PAYMENT|INFO|1301|payment approved
2026-08-29 09:50:14|ORDER|INFO|1301|order created
2026-08-29 09:50:15|NOTIFY|INFO|1301|order notification queued
2026-08-29 09:50:30|CART|INFO|1302|cart loaded
2026-08-29 09:50:31|CART|INFO|1302|item added
2026-08-29 09:50:40|INVENTORY|INFO|1303|stock checked
2026-08-29 09:50:50|SEARCH|INFO|1304|search started
2026-08-29 09:50:51|SEARCH|INFO|1304|search completed
2026-08-29 09:51:00|PAYMENT|INFO|1305|payment initiated
2026-08-29 09:51:01|PAYMENT|INFO|1305|payment approved
2026-08-29 09:51:02|ORDER|INFO|1305|order created
2026-08-29 09:51:03|NOTIFY|INFO|1305|order notification queued
2026-08-29 09:51:20|API|ERROR|1306|request timeout
2026-08-29 09:51:21|API|ERROR|1307|worker unavailable
2026-08-29 09:51:22|API|ERROR|1308|worker crashed
2026-08-29 09:51:30|API|INFO|1309|worker restarted
2026-08-29 09:51:40|API|INFO|1310|request completed
2026-08-29 09:52:00|AUTH|INFO|1311|login successful
2026-08-29 09:52:01|API|INFO|1311|request received
2026-08-29 09:52:02|SEARCH|INFO|1311|search started
2026-08-29 09:52:03|SEARCH|INFO|1311|search completed
2026-08-29 09:52:10|INVENTORY|WARN|1312|stock level low
2026-08-29 09:52:20|ORDER|INFO|1313|order creation started
2026-08-29 09:52:21|INVENTORY|INFO|1313|stock reserved
2026-08-29 09:52:22|PAYMENT|INFO|1313|payment initiated
2026-08-29 09:52:23|PAYMENT|INFO|1313|payment approved
2026-08-29 09:52:24|ORDER|INFO|1313|order created
2026-08-29 09:52:25|NOTIFY|INFO|1313|order notification queued
2026-08-29 09:52:40|NOTIFY|INFO|1314|notification delivered
2026-08-29 09:53:00|SEARCH|INFO|1315|search started
2026-08-29 09:53:01|SEARCH|INFO|1315|search completed
2026-08-29 09:53:10|PAYMENT|ERROR|1316|payment provider unavailable
2026-08-29 09:53:11|PAYMENT|ERROR|1317|payment provider timeout
2026-08-29 09:53:12|PAYMENT|ERROR|1318|payment worker crashed
2026-08-29 09:53:20|PAYMENT|INFO|1319|payment worker restarted
2026-08-29 09:53:30|PAYMENT|INFO|1320|payment provider available
2026-08-29 09:53:40|API|INFO|1321|request received
2026-08-29 09:53:41|AUTH|INFO|1321|token validated
2026-08-29 09:53:42|API|INFO|1321|request completed
2026-08-29 09:54:00|CART|INFO|1322|cart loaded
2026-08-29 09:54:01|CART|INFO|1322|item added
2026-08-29 09:54:10|INVENTORY|INFO|1323|stock checked
2026-08-29 09:54:20|ORDER|INFO|1324|order creation started
2026-08-29 09:54:21|INVENTORY|INFO|1324|stock reserved
2026-08-29 09:54:22|PAYMENT|INFO|1324|payment initiated
2026-08-29 09:54:23|PAYMENT|INFO|1324|payment approved
2026-08-29 09:54:24|ORDER|INFO|1324|order created
2026-08-29 09:54:25|NOTIFY|INFO|1324|order notification queued
2026-08-29 09:54:40|AUTH|INFO|1325|logout successful
2026-08-29 09:55:00|API|INFO|1326|request received
2026-08-29 09:55:01|API|INFO|1326|request completed
2026-08-29 09:55:10|SEARCH|INFO|1327|search started
2026-08-29 09:55:11|SEARCH|INFO|1327|search completed
2026-08-29 09:55:20|PAYMENT|INFO|1328|payment initiated
2026-08-29 09:55:21|PAYMENT|ERROR|1328|payment declined
2026-08-29 09:55:22|ORDER|ERROR|1328|order cancelled
2026-08-29 09:55:30|NOTIFY|INFO|1328|failure notification queued
2026-08-29 09:55:40|INVENTORY|INFO|1329|stock checked
2026-08-29 09:56:00|API|INFO|1330|request received
2026-08-29 09:56:01|AUTH|INFO|1330|token validated
2026-08-29 09:56:02|SEARCH|INFO|1330|search started
2026-08-29 09:56:03|SEARCH|INFO|1330|search completed
2026-08-29 09:56:20|NOTIFY|WARN|1331|notification queue delayed
2026-08-29 09:56:30|NOTIFY|INFO|1332|notification delivered
2026-08-29 09:56:40|ORDER|INFO|1333|order creation started
2026-08-29 09:56:41|INVENTORY|INFO|1333|stock reserved
2026-08-29 09:56:42|PAYMENT|INFO|1333|payment initiated
2026-08-29 09:56:43|PAYMENT|INFO|1333|payment approved
2026-08-29 09:56:44|ORDER|INFO|1333|order created
2026-08-29 09:56:45|NOTIFY|INFO|1333|order notification queued
2026-08-29 09:57:00|AUTH|INFO|1334|login successful
2026-08-29 09:57:01|API|INFO|1334|request received
2026-08-29 09:57:02|CART|INFO|1334|cart loaded
2026-08-29 09:57:03|INVENTORY|INFO|1334|stock checked
2026-08-29 09:57:04|ORDER|INFO|1334|order creation started
2026-08-29 09:57:05|INVENTORY|INFO|1334|stock reserved
2026-08-29 09:57:06|PAYMENT|INFO|1334|payment initiated
2026-08-29 09:57:07|PAYMENT|INFO|1334|payment approved
2026-08-29 09:57:08|ORDER|INFO|1334|order created
2026-08-29 09:57:09|NOTIFY|INFO|1334|order notification queued
2026-08-29 09:57:20|SEARCH|INFO|1335|search started
2026-08-29 09:57:21|SEARCH|INFO|1335|search completed
2026-08-29 09:57:30|API|INFO|1336|request received
2026-08-29 09:57:31|API|WARN|1336|request processing slow
2026-08-29 09:57:40|API|INFO|1336|request completed
2026-08-29 09:58:00|PAYMENT|ERROR|1337|payment provider unavailable
2026-08-29 09:58:01|PAYMENT|ERROR|1338|payment provider timeout
2026-08-29 09:58:02|PAYMENT|ERROR|1339|payment worker crashed
2026-08-29 09:58:10|PAYMENT|INFO|1340|payment worker restarted
2026-08-29 09:58:20|PAYMENT|INFO|1341|payment provider available
2026-08-29 09:58:30|CART|INFO|1342|cart loaded
2026-08-29 09:58:31|CART|INFO|1342|item added
2026-08-29 09:58:40|INVENTORY|INFO|1343|stock checked
2026-08-29 09:58:50|ORDER|INFO|1344|order creation started
2026-08-29 09:58:51|INVENTORY|INFO|1344|stock reserved
2026-08-29 09:58:52|PAYMENT|INFO|1344|payment initiated
2026-08-29 09:58:53|PAYMENT|INFO|1344|payment approved
2026-08-29 09:58:54|ORDER|INFO|1344|order created
2026-08-29 09:58:55|NOTIFY|INFO|1344|order notification queued
2026-08-29 09:59:10|AUTH|INFO|1345|logout successful
2026-08-29 09:59:20|SEARCH|INFO|1346|search started
2026-08-29 09:59:21|SEARCH|INFO|1346|search completed
2026-08-29 09:59:30|API|INFO|1347|request received
2026-08-29 09:59:31|API|INFO|1347|request completed
2026-08-29 09:59:40|NOTIFY|INFO|1348|notification delivered
2026-08-29 09:59:50|INVENTORY|WARN|1349|stock level low
2026-08-29 10:00:00|ORDER|INFO|1350|order creation started
2026-08-29 10:00:01|INVENTORY|INFO|1350|stock reserved
2026-08-29 10:00:02|PAYMENT|INFO|1350|payment initiated
2026-08-29 10:00:03|PAYMENT|INFO|1350|payment approved
2026-08-29 10:00:04|ORDER|INFO|1350|order created
2026-08-29 10:00:05|NOTIFY|INFO|1350|order notification queued
2026-08-29 10:00:10|API|INFO|1351|request received
2026-08-29 10:00:11|AUTH|INFO|1351|token validated
2026-08-29 10:00:12|API|INFO|1351|request completed
2026-08-29 10:00:20|PAYMENT|ERROR|1352|payment database unavailable
2026-08-29 10:00:21|PAYMENT|ERROR|1353|payment database timeout
2026-08-29 10:00:22|PAYMENT|ERROR|1354|payment worker crashed
2026-08-29 10:00:30|PAYMENT|INFO|1355|payment worker restarted
2026-08-29 10:00:40|PAYMENT|INFO|1356|payment database restored
2026-08-29 10:00:50|SEARCH|INFO|1357|search started
2026-08-29 10:00:51|SEARCH|INFO|1357|search completed
2026-08-29 10:01:00|API|INFO|1358|request received
2026-08-29 10:01:01|AUTH|INFO|1358|token validated
2026-08-29 10:01:02|CART|INFO|1358|cart loaded
2026-08-29 10:01:03|INVENTORY|INFO|1358|stock checked
2026-08-29 10:01:04|ORDER|INFO|1358|order creation started
2026-08-29 10:01:05|INVENTORY|INFO|1358|stock reserved
2026-08-29 10:01:06|PAYMENT|INFO|1358|payment initiated
2026-08-29 10:01:07|PAYMENT|INFO|1358|payment approved
2026-08-29 10:01:08|ORDER|INFO|1358|order created
2026-08-29 10:01:09|NOTIFY|INFO|1358|order notification queued
2026-08-29 10:01:20|AUTH|INFO|1359|login successful
2026-08-29 10:01:21|API|INFO|1359|request received
2026-08-29 10:01:22|SEARCH|INFO|1359|search started
2026-08-29 10:01:23|SEARCH|INFO|1359|search completed
2026-08-29 10:01:40|API|INFO|1360|request received
2026-08-29 10:01:41|API|INFO|1360|request completed
2026-08-29 10:01:50|NOTIFY|INFO|1361|notification delivered
2026-08-29 10:02:00|INVENTORY|INFO|1362|stock checked
2026-08-29 10:02:10|CART|INFO|1363|cart loaded
2026-08-29 10:02:20|SEARCH|INFO|1364|search started
2026-08-29 10:02:21|SEARCH|INFO|1364|search completed
2026-08-29 10:02:30|PAYMENT|INFO|1365|payment initiated
2026-08-29 10:02:31|PAYMENT|INFO|1365|payment approved
2026-08-29 10:02:32|ORDER|INFO|1365|order created
2026-08-29 10:02:33|NOTIFY|INFO|1365|order notification queued
2026-08-29 10:02:50|AUTH|INFO|1366|logout successful
2026-08-29 10:03:00|API|INFO|1367|request received
2026-08-29 10:03:01|AUTH|INFO|1367|token validated
2026-08-29 10:03:02|API|INFO|1367|request completed
2026-08-29 10:03:10|INVENTORY|INFO|1368|stock checked
2026-08-29 10:03:20|ORDER|INFO|1369|order creation started
2026-08-29 10:03:21|INVENTORY|INFO|1369|stock reserved
2026-08-29 10:03:22|PAYMENT|INFO|1369|payment initiated
2026-08-29 10:03:23|PAYMENT|INFO|1369|payment approved
2026-08-29 10:03:24|ORDER|INFO|1369|order created
2026-08-29 10:03:25|NOTIFY|INFO|1369|order notification queued
2026-08-29 10:03:40|SEARCH|INFO|1370|search started
2026-08-29 10:03:41|SEARCH|INFO|1370|search completed
2026-08-29 10:03:50|PAYMENT|ERROR|1371|payment provider unavailable
2026-08-29 10:03:51|PAYMENT|ERROR|1372|payment provider timeout
2026-08-29 10:03:52|PAYMENT|ERROR|1373|payment worker crashed
2026-08-29 10:04:00|PAYMENT|INFO|1374|payment worker restarted
2026-08-29 10:04:10|PAYMENT|INFO|1375|payment provider available
2026-08-29 10:04:20|API|INFO|1376|request received
2026-08-29 10:04:21|AUTH|INFO|1376|token validated
2026-08-29 10:04:22|ORDER|INFO|1376|order creation started
2026-08-29 10:04:23|INVENTORY|INFO|1376|stock reserved
2026-08-29 10:04:24|PAYMENT|INFO|1376|payment initiated
2026-08-29 10:04:25|PAYMENT|INFO|1376|payment approved
2026-08-29 10:04:26|ORDER|INFO|1376|order created
2026-08-29 10:04:27|NOTIFY|INFO|1376|order notification queued
2026-08-29 10:04:40|CART|INFO|1377|cart loaded
2026-08-29 10:04:41|CART|INFO|1377|item removed
2026-08-29 10:04:50|INVENTORY|WARN|1378|stock level low
2026-08-29 10:05:00|SEARCH|INFO|1379|search started
2026-08-29 10:05:01|SEARCH|INFO|1379|search completed
2026-08-29 10:05:10|API|INFO|1380|request received
2026-08-29 10:05:11|API|INFO|1380|request completed
2026-08-29 10:05:20|AUTH|INFO|1381|logout successful
2026-08-29 10:05:30|NOTIFY|INFO|1382|notification delivered
2026-08-29 10:05:40|ORDER|INFO|1383|order creation started
2026-08-29 10:05:41|INVENTORY|INFO|1383|stock reserved
2026-08-29 10:05:42|PAYMENT|INFO|1383|payment initiated
2026-08-29 10:05:43|PAYMENT|INFO|1383|payment approved
2026-08-29 10:05:44|ORDER|INFO|1383|order created
2026-08-29 10:05:45|NOTIFY|INFO|1383|order notification queued